// Vitest Snapshot v1, https://vitest.dev/guide/snapshot.html

exports[`agentToolCatalog contract > pins the unreachable set so a reachability change is a deliberate edit (#3300) 1`] = `
[
  "acknowledge_network_device",
  "assign_security_training",
  "browse_snapshots",
  "collect_evidence",
  "configure_backup_sla",
  "configure_network_baseline",
  "configure_vault",
  "create_incident",
  "create_remote_session",
  "execute_containment",
  "execute_dr_plan",
  "generate_incident_report",
  "get_backup_status",
  "get_browser_security",
  "get_compliance_status",
  "get_dr_execution_status",
  "get_dr_plan_details",
  "get_elevation_history",
  "get_executive_summary",
  "get_hyperv_vm_details",
  "get_incident_timeline",
  "get_ip_history",
  "get_monitor",
  "get_mssql_backup_status",
  "get_network_changes",
  "get_peripheral_activity",
  "get_sensitive_data_overview",
  "get_sla_breaches",
  "get_sla_compliance_report",
  "get_software_compliance",
  "get_user_risk_detail",
  "get_user_risk_scores",
  "get_vault_status",
  "get_vm_restore_estimate",
  "instant_boot_vm",
  "list_monitors",
  "list_remote_sessions",
  "manage_ai_agents",
  "manage_backup_profiles",
  "manage_browser_policy",
  "manage_catalog",
  "manage_dr_plan",
  "manage_hyperv_checkpoints",
  "manage_hyperv_vm",
  "manage_monitor_definitions",
  "manage_notification_channels",
  "manage_peripheral_policy",
  "manage_processes",
  "manage_quotes",
  "manage_saved_filters",
  "manage_scheduled_tasks",
  "manage_software_policy",
  "manage_tags",
  "manage_tickets",
  "query_agent_versions",
  "query_analytics",
  "query_backup_sla",
  "query_backups",
  "query_c2c_connections",
  "query_c2c_jobs",
  "query_compliance_policies",
  "query_custom_fields",
  "query_dr_plans",
  "query_hyperv_vms",
  "query_mssql_instances",
  "query_psa_status",
  "query_vaults",
  "query_webhooks",
  "registry_operations",
  "remediate_sensitive_data",
  "remediate_software_violation",
  "request_elevation",
  "restore_as_vm",
  "restore_c2c_items",
  "restore_hyperv_vm",
  "restore_mssql_database",
  "restore_snapshot",
  "revoke_elevation",
  "search_c2c_items",
  "search_script_library",
  "test_webhook",
  "trigger_agent_restart",
  "trigger_agent_upgrade",
  "trigger_backup",
  "trigger_c2c_sync",
  "trigger_hyperv_backup",
  "trigger_mssql_backup",
  "trigger_vault_sync",
  "verify_mssql_backup",
]
`;
